Microchip MPLAB XC8 Compiler V2.05 ()

Linker command line:

-W-3 --edf=C:\Program Files (x86)\Microchip\xc8\v2.05\pic\dat\en_msgs.txt \
  -cs -h+dist/default/production\Project.X.production.sym \
  --cmf=dist/default/production\Project.X.production.cmf -z -Q18F4331 \
  -oC:\Users\bsow\AppData\Local\Temp\s4lk.2 --defsym=__MPLAB_BUILD=1 \
  -Mdist/default/production/Project.X.production.map -E1 -ver=XC8 \
  --acfsm=1493 -ASTACK=060h-02FFh -pstack=STACK -ACODE=00h-01FFFh \
  -ACONST=00h-01FFFh -ASMALLCONST=0300h-03FFhx29 -AMEDIUMCONST=0300h-01FFFh \
  -ACOMRAM=01h-05Fh -AABS1=00h-02FFh -ABIGRAM=01h-02FFh \
  -ARAM=060h-0FFh,0100h-01FFhx2 -ABANK0=060h-0FFh -ABANK1=0100h-01FFh \
  -ABANK2=0200h-02FFh -ASFR=0F60h-0FFFh \
  -preset_vec=00h,intcode,intcodelo,powerup,init -pramtop=0300h \
  -psmallconst=SMALLCONST -pmediumconst=MEDIUMCONST -pconst=CONST \
  -AFARRAM=00h-00h -ACONFIG=0300000h-030000Dh -pconfig=CONFIG \
  -AIDLOC=0200000h-0200007h -pidloc=IDLOC -AEEDATA=0F00000h-0F000FFh \
  -peeprom_data=EEDATA \
  -prdata=COMRAM,nvrram=COMRAM,nvbit=COMRAM,rbss=COMRAM,rbit=COMRAM \
  -pfarbss=FARRAM,fardata=FARRAM,nvFARRAM=FARRAM \
  -pintsave_regs=BIGRAM,bigbss=BIGRAM,bigdata=BIGRAM -pbss=RAM \
  -pidata=CODE,irdata=CODE,ibigdata=CODE,ifardata=CODE -prparam=COMRAM \
  C:\Users\bsow\AppData\Local\Temp\s4lk.o \
  dist/default/production\Project.X.production.o 

Object code version is 3.11

Machine type is 18F4331

Call graph: (short form)




                Name                               Link     Load   Length Selector   Space Scale
C:\Users\bsow\AppData\Local\Temp\s4lk.o
                init                                  0        0        4        0       0
                idloc                            200000   200000        8   200000       0
                config                           300000   300000        E   300000       0
dist/default/production\Project.X.production.o
                smallconst                          300      300       1C      180       0
                text9                               464      464       2C      18E       0
                text8                               4D2      4D2       18      18E       0
                text7                               4F8      4F8        E      18E       0
                text6                               31C      31C       5C      18E       0
                text5                               3CA      3CA       50      18E       0
                text4                               490      490       28      18E       0
                text3                               41A      41A       4A      18E       0
                text2                               4B8      4B8       1A      18E       0
                text1                               506      506        C      18E       0
                text0                               378      378       52      18E       0
                cstackCOMRAM                          1        1        B        1       1
                cinit                               4EA      4EA        E      18E       0

TOTAL           Name                               Link     Load   Length     Space
        CLASS   STACK          

        CLASS   CODE           
                init                                  0        0        4         0
                text9                               464      464       2C         0
                text8                               4D2      4D2       18         0
                text7                               4F8      4F8        E         0
                text6                               31C      31C       5C         0
                text5                               3CA      3CA       50         0
                text4                               490      490       28         0
                text3                               41A      41A       4A         0
                text2                               4B8      4B8       1A         0
                text1                               506      506        C         0
                text0                               378      378       52         0
                cinit                               4EA      4EA        E         0

        CLASS   CONST          

        CLASS   SMALLCONST     
                smallconst                          300      300       1C         0

        CLASS   MEDIUMCONST    

        CLASS   COMRAM         
                cstackCOMRAM                          1        1        B         1

        CLASS   ABS1           

        CLASS   BIGRAM         

        CLASS   RAM            

        CLASS   BANK0          

        CLASS   BANK1          

        CLASS   BANK2          

        CLASS   SFR            

        CLASS   FARRAM         

        CLASS   CONFIG         
                config                           300000   300000        E         0

        CLASS   IDLOC          
                idloc                            200000   200000        8         0

        CLASS   EEDATA         



SEGMENTS        Name                           Load    Length   Top    Selector   Space  Class

                reset_vec                      000000  000004  000004         0       0  CODE    
                cstackCOMRAM                   000001  00000B  00000C         1       1  COMRAM  
                smallconst                     000300  00001C  00031C       180       0  SMALLCON
                text6                          00031C  0001F6  000512       18E       0  CODE    
                idloc                          200000  000008  200008    200000       0  IDLOC   
                config                         300000  00000E  30000E    300000       0  CONFIG  


UNUSED ADDRESS RANGES

        Name                Unused          Largest block    Delta
        BANK0            000060-0000FF               A0
        BANK1            000100-0001FF              100
        BANK2            000200-0002FF              100
        BIGRAM           00000C-0002FF              2F4
        CODE             000004-0002FF              2FC
                         000512-001FFF             1AEE
        COMRAM           00000C-00005F               54
        CONST            000004-0002FF              2FC
                         000512-001FFF             1AEE
        EEDATA           F00000-F000FF              100
        MEDIUMCONST      000512-001FFF             1AEE
        RAM              000060-0002FF              100
        SFR              000F60-000FFF               A0
        SMALLCONST       000512-001FFF              100
        STACK            000060-0002FF              2A0

                                  Symbol Table

Lcd_Cmd@a                    cstackCOMRAM 000002
Lcd_Port@a                   cstackCOMRAM 000001
Lcd_Set_Cursor@a             cstackCOMRAM 000004
Lcd_Set_Cursor@b             cstackCOMRAM 000003
Lcd_Set_Cursor@temp          cstackCOMRAM 000007
Lcd_Set_Cursor@y             cstackCOMRAM 000006
Lcd_Set_Cursor@z             cstackCOMRAM 000005
Lcd_Write_Char@a             cstackCOMRAM 000004
Lcd_Write_Char@temp          cstackCOMRAM 000002
Lcd_Write_Char@y             cstackCOMRAM 000003
Lcd_Write_String@a           cstackCOMRAM 000005
Lcd_Write_String@i           cstackCOMRAM 000009
_CREN                        (abs)        007D5C
_LATAbits                    (abs)        000F89
_Lcd_Clear                   text7        0004F8
_Lcd_Cmd                     text8        0004D2
_Lcd_Init                    text6        00031C
_Lcd_Port                    text9        000464
_Lcd_Set_Cursor              text5        0003CA
_Lcd_Write_Char              text4        000490
_Lcd_Write_String            text3        00041A
_PORTAbits                   (abs)        000F80
_PORTDbits                   (abs)        000F83
_RCIE                        (abs)        007CED
_RX9                         (abs)        007D5E
_SPBRG                       (abs)        000FAF
_SPEN                        (abs)        007D5F
_SYNC                        (abs)        007D64
_TRISAbits                   (abs)        000F92
_TRISCbits                   (abs)        000F94
_TRISD                       (abs)        000F95
_TX9                         (abs)        007D66
_TXEN                        (abs)        007D65
_TXIE                        (abs)        007CEC
_TXIF                        (abs)        007CF4
_TXREG                       (abs)        000FAD
__CFG_BOREN$ON               (abs)        000000
__CFG_CP0$OFF                (abs)        000000
__CFG_CP1$OFF                (abs)        000000
__CFG_CPB$OFF                (abs)        000000
__CFG_CPD$OFF                (abs)        000000
__CFG_EBTR0$OFF              (abs)        000000
__CFG_EBTR1$OFF              (abs)        000000
__CFG_EBTRB$OFF              (abs)        000000
__CFG_EXCLKMX$RC3            (abs)        000000
__CFG_FCMEN$OFF              (abs)        000000
__CFG_FLTAMX$RC1             (abs)        000000
__CFG_HPOL$HIGH              (abs)        000000
__CFG_IESO$OFF               (abs)        000000
__CFG_LPOL$HIGH              (abs)        000000
__CFG_LVP$OFF                (abs)        000000
__CFG_MCLRE$ON               (abs)        000000
__CFG_OSC$IRC                (abs)        000000
__CFG_PWM4MX$RB5             (abs)        000000
__CFG_PWMPIN$OFF             (abs)        000000
__CFG_PWRTEN$OFF             (abs)        000000
__CFG_SSPMX$RC7              (abs)        000000
__CFG_STVREN$ON              (abs)        000000
__CFG_T1OSCMX$ON             (abs)        000000
__CFG_WDPS$32768             (abs)        000000
__CFG_WDTEN$ON               (abs)        000000
__CFG_WINEN$OFF              (abs)        000000
__CFG_WRT0$OFF               (abs)        000000
__CFG_WRT1$OFF               (abs)        000000
__CFG_WRTB$OFF               (abs)        000000
__CFG_WRTC$OFF               (abs)        000000
__CFG_WRTD$OFF               (abs)        000000
__HRAM                       (abs)        000000
__Habs1                      abs1         000000
__Hbank0                     bank0        000000
__Hbank1                     bank1        000000
__Hbank2                     bank2        000000
__Hbigbss                    bigbss       000000
__Hbigdata                   bigdata      000000
__Hbigram                    bigram       000000
__Hbss                       bss          000000
__Hcinit                     cinit        000000
__Hclrtext                   clrtext      000000
__Hcomram                    comram       000000
__Hconfig                    config       30000E
__Hconst                     const        000000
__HcstackCOMRAM              cstackCOMRAM 000000
__Hdata                      data         000000
__Heeprom_data               eeprom_data  000000
__Hfarbss                    farbss       000000
__Hfardata                   fardata      000000
__Hibigdata                  ibigdata     000000
__Hidata                     idata        000000
__Hidloc                     idloc        200008
__Hifardata                  ifardata     000000
__Hinit                      init         000004
__Hintcode                   intcode      000000
__Hintcode_body              intcode_body 000000
__Hintcodelo                 intcodelo    000000
__Hintentry                  intentry     000000
__Hintret                    intret       000000
__Hintsave_regs              intsave_regs 000000
__Hirdata                    irdata       000000
__Hmediumconst               mediumconst  000000
__HnvFARRAM                  nvFARRAM     000000
__Hnvbit                     nvbit        000000
__Hnvrram                    nvrram       000000
__Hparam                     rparam       000000
__Hpowerup                   powerup      000000
__Hram                       ram          000000
__Hramtop                    ramtop       000300
__Hrbit                      rbit         000000
__Hrbss                      rbss         000000
__Hrdata                     rdata        000000
__Hreset_vec                 reset_vec    000000
__Hrparam                    rparam       000000
__Hsfr                       sfr          000000
__Hsmallconst                smallconst   00031C
__Hspace_0                   (abs)        30000E
__Hspace_1                   (abs)        00000C
__Hspace_2                   (abs)        000000
__Hstack                     stack        000000
__Hstruct                    struct       000000
__Htemp                      temp         000000
__Htext                      text         000000
__Htext0                     text0        000000
__Htext1                     text1        000000
__Htext2                     text2        000000
__Htext3                     text3        000000
__Htext4                     text4        000000
__Htext5                     text5        000000
__Htext6                     text6        000000
__Htext7                     text7        000000
__Htext8                     text8        000000
__Htext9                     text9        000000
__LRAM                       (abs)        000001
__Labs1                      abs1         000000
__Lbank0                     bank0        000000
__Lbank1                     bank1        000000
__Lbank2                     bank2        000000
__Lbigbss                    bigbss       000000
__Lbigdata                   bigdata      000000
__Lbigram                    bigram       000000
__Lbss                       bss          000000
__Lcinit                     cinit        000000
__Lclrtext                   clrtext      000000
__Lcomram                    comram       000000
__Lconfig                    config       300000
__Lconst                     const        000000
__LcstackCOMRAM              cstackCOMRAM 000000
__Ldata                      data         000000
__Leeprom_data               eeprom_data  000000
__Lfarbss                    farbss       000000
__Lfardata                   fardata      000000
__Libigdata                  ibigdata     000000
__Lidata                     idata        000000
__Lidloc                     idloc        200000
__Lifardata                  ifardata     000000
__Linit                      init         000000
__Lintcode                   intcode      000000
__Lintcode_body              intcode_body 000000
__Lintcodelo                 intcodelo    000000
__Lintentry                  intentry     000000
__Lintret                    intret       000000
__Lintsave_regs              intsave_regs 000000
__Lirdata                    irdata       000000
__Lmediumconst               mediumconst  000000
__LnvFARRAM                  nvFARRAM     000000
__Lnvbit                     nvbit        000000
__Lnvrram                    nvrram       000000
__Lparam                     rparam       000000
__Lpowerup                   powerup      000000
__Lram                       ram          000000
__Lramtop                    ramtop       000300
__Lrbit                      rbit         000000
__Lrbss                      rbss         000000
__Lrdata                     rdata        000000
__Lreset_vec                 reset_vec    000000
__Lrparam                    rparam       000000
__Lsfr                       sfr          000000
__Lsmallconst                smallconst   000300
__Lspace_0                   (abs)        000000
__Lspace_1                   (abs)        000000
__Lspace_2                   (abs)        000000
__Lstack                     stack        000000
__Lstruct                    struct       000000
__Ltemp                      temp         000000
__Ltext                      text         000000
__Ltext0                     text0        000000
__Ltext1                     text1        000000
__Ltext2                     text2        000000
__Ltext3                     text3        000000
__Ltext4                     text4        000000
__Ltext5                     text5        000000
__Ltext6                     text6        000000
__Ltext7                     text7        000000
__Ltext8                     text8        000000
__Ltext9                     text9        000000
__S0                         (abs)        30000E
__S1                         (abs)        00000C
__S2                         (abs)        000000
___inthi_sp                  stack        000000
___intlo_sp                  stack        000000
___param_bank                (abs)        000000
___rparam_used               (abs)        000001
___sp                        stack        000000
__accesstop                  (abs)        000060
__activetblptr               (abs)        000001
__end_of_Lcd_Clear           text7        000506
__end_of_Lcd_Cmd             text8        0004EA
__end_of_Lcd_Init            text6        000378
__end_of_Lcd_Port            text9        000490
__end_of_Lcd_Set_Cursor      text5        00041A
__end_of_Lcd_Write_Char      text4        0004B8
__end_of_Lcd_Write_String    text3        000464
__end_of__initialization     cinit        0004EA
__end_of_main                text0        0003CA
__end_of_setting_registers   text2        0004D2
__end_of_transmit_character  text1        000512
__initialization             cinit        0004EA
__mediumconst                mediumconst  000000
__pcinit                     cinit        0004EA
__pcstackCOMRAM              cstackCOMRAM 000001
__psmallconst                smallconst   000300
__ptext0                     text0        000378
__ptext1                     text1        000506
__ptext2                     text2        0004B8
__ptext3                     text3        00041A
__ptext4                     text4        000490
__ptext5                     text5        0003CA
__ptext6                     text6        00031C
__ptext7                     text7        0004F8
__ptext8                     text8        0004D2
__ptext9                     text9        000464
__ramtop                     ramtop       000300
__size_of_Lcd_Clear          (abs)        000000
__size_of_Lcd_Cmd            (abs)        000000
__size_of_Lcd_Init           (abs)        000000
__size_of_Lcd_Port           (abs)        000000
__size_of_Lcd_Set_Cursor     (abs)        000000
__size_of_Lcd_Write_Char     (abs)        000000
__size_of_Lcd_Write_String   (abs)        000000
__size_of_main               (abs)        000000
__size_of_setting_registers  (abs)        000000
__size_of_transmit_character (abs)        000000
__smallconst                 smallconst   000300
_main                        text0        000378
_setting_registers           text2        0004B8
_transmit_character          text1        000506
end_of_initialization        cinit        0004EA
intlevel0                    text         000000
intlevel1                    text         000000
intlevel2                    text         000000
intlevel3                    text         000000
stackhi                      (abs)        0002FF
stacklo                      (abs)        000060
start                        init         000000
start_initialization         cinit        0004EA
transmit_character@out       cstackCOMRAM 000001


FUNCTION INFORMATION:

 *************** function _main *****************
 Defined at:
		line 18 in file "project_main.c"
 Parameters:    Size  Location     Type
		None
 Auto vars:     Size  Location     Type
  a               2    0        unsigned int 
 Return value:  Size  Location     Type
                  2   24[None  ] int 
 Registers used:
		wreg, status,2, status,0, tblptrl, tblptrh, tblptru, cstack
 Tracked objects:
		On entry : 
		On exit  : 
		Unchanged: 
 Data sizes:     COMRAM   BANK0   BANK1   BANK2
      Params:         0       0       0       0
      Locals:         0       0       0       0
      Temps:          1       0       0       0
      Totals:         1       0       0       0
Total ram usage:        1 bytes
 Hardware stack levels required when called:    3
 This function calls:
		_Lcd_Clear
		_Lcd_Init
		_Lcd_Set_Cursor
		_Lcd_Write_String
		_setting_registers
		_transmit_character
 This function is called by:
		Startup code after reset
 This function uses a non-reentrant model


 *************** function _transmit_character *****************
 Defined at:
		line 29 in file "SCI_Module.c"
 Parameters:    Size  Location     Type
  out             1    wreg     unsigned char 
 Auto vars:     Size  Location     Type
  out             1    0[COMRAM] unsigned char 
 Return value:  Size  Location     Type
                  1    wreg      void 
 Registers used:
		wreg
 Tracked objects:
		On entry : 
		On exit  : 
		Unchanged: 
 Data sizes:     COMRAM   BANK0   BANK1   BANK2
      Params:         0       0       0       0
      Locals:         1       0       0       0
      Temps:          0       0       0       0
      Totals:         1       0       0       0
Total ram usage:        1 bytes
 Hardware stack levels used:    1
 This function calls:
		Nothing
 This function is called by:
		_main
 This function uses a non-reentrant model


 *************** function _setting_registers *****************
 Defined at:
		line 12 in file "SCI_Module.c"
 Parameters:    Size  Location     Type
		None
 Auto vars:     Size  Location     Type
		None
 Return value:  Size  Location     Type
                  1    wreg      void 
 Registers used:
		wreg, status,2
 Tracked objects:
		On entry : 
		On exit  : 
		Unchanged: 
 Data sizes:     COMRAM   BANK0   BANK1   BANK2
      Params:         0       0       0       0
      Locals:         0       0       0       0
      Temps:          0       0       0       0
      Totals:         0       0       0       0
Total ram usage:        0 bytes
 Hardware stack levels used:    1
 This function calls:
		Nothing
 This function is called by:
		_main
 This function uses a non-reentrant model


 *************** function _Lcd_Write_String *****************
 Defined at:
		line 104 in file "LCD_Module.c"
 Parameters:    Size  Location     Type
  a               2    4[COMRAM] PTR unsigned char 
		 -> STR_2(6), STR_1(20), 
 Auto vars:     Size  Location     Type
  i               2    8[COMRAM] int 
 Return value:  Size  Location     Type
                  1    wreg      void 
 Registers used:
		wreg, status,2, status,0, tblptrl, tblptrh, tblptru, cstack
 Tracked objects:
		On entry : 
		On exit  : 
		Unchanged: 
 Data sizes:     COMRAM   BANK0   BANK1   BANK2
      Params:         2       0       0       0
      Locals:         2       0       0       0
      Temps:          2       0       0       0
      Totals:         6       0       0       0
Total ram usage:        6 bytes
 Hardware stack levels used:    1
 Hardware stack levels required when called:    2
 This function calls:
		_Lcd_Write_Char
 This function is called by:
		_main
 This function uses a non-reentrant model


 *************** function _Lcd_Write_Char *****************
 Defined at:
		line 88 in file "LCD_Module.c"
 Parameters:    Size  Location     Type
  a               1    wreg     unsigned char 
 Auto vars:     Size  Location     Type
  a               1    3[COMRAM] unsigned char 
  y               1    2[COMRAM] unsigned char 
  temp            1    1[COMRAM] unsigned char 
 Return value:  Size  Location     Type
                  1    wreg      void 
 Registers used:
		wreg, status,2, status,0, cstack
 Tracked objects:
		On entry : 
		On exit  : 
		Unchanged: 
 Data sizes:     COMRAM   BANK0   BANK1   BANK2
      Params:         0       0       0       0
      Locals:         3       0       0       0
      Temps:          0       0       0       0
      Totals:         3       0       0       0
Total ram usage:        3 bytes
 Hardware stack levels used:    1
 Hardware stack levels required when called:    1
 This function calls:
		_Lcd_Port
 This function is called by:
		_Lcd_Write_String
 This function uses a non-reentrant model


 *************** function _Lcd_Set_Cursor *****************
 Defined at:
		line 48 in file "LCD_Module.c"
 Parameters:    Size  Location     Type
  a               1    wreg     unsigned char 
  b               1    2[COMRAM] unsigned char 
 Auto vars:     Size  Location     Type
  a               1    3[COMRAM] unsigned char 
  temp            1    6[COMRAM] unsigned char 
  y               1    5[COMRAM] unsigned char 
  z               1    4[COMRAM] unsigned char 
 Return value:  Size  Location     Type
                  1    wreg      void 
 Registers used:
		wreg, status,2, status,0, cstack
 Tracked objects:
		On entry : 
		On exit  : 
		Unchanged: 
 Data sizes:     COMRAM   BANK0   BANK1   BANK2
      Params:         1       0       0       0
      Locals:         4       0       0       0
      Temps:          0       0       0       0
      Totals:         5       0       0       0
Total ram usage:        5 bytes
 Hardware stack levels used:    1
 Hardware stack levels required when called:    2
 This function calls:
		_Lcd_Cmd
 This function is called by:
		_main
 This function uses a non-reentrant model


 *************** function _Lcd_Init *****************
 Defined at:
		line 69 in file "LCD_Module.c"
 Parameters:    Size  Location     Type
		None
 Auto vars:     Size  Location     Type
		None
 Return value:  Size  Location     Type
                  1    wreg      void 
 Registers used:
		wreg, status,2, cstack
 Tracked objects:
		On entry : 
		On exit  : 
		Unchanged: 
 Data sizes:     COMRAM   BANK0   BANK1   BANK2
      Params:         0       0       0       0
      Locals:         0       0       0       0
      Temps:          0       0       0       0
      Totals:         0       0       0       0
Total ram usage:        0 bytes
 Hardware stack levels used:    1
 Hardware stack levels required when called:    2
 This function calls:
		_Lcd_Cmd
		_Lcd_Port
 This function is called by:
		_main
 This function uses a non-reentrant model


 *************** function _Lcd_Clear *****************
 Defined at:
		line 42 in file "LCD_Module.c"
 Parameters:    Size  Location     Type
		None
 Auto vars:     Size  Location     Type
		None
 Return value:  Size  Location     Type
                  1    wreg      void 
 Registers used:
		wreg, status,2, cstack
 Tracked objects:
		On entry : 
		On exit  : 
		Unchanged: 
 Data sizes:     COMRAM   BANK0   BANK1   BANK2
      Params:         0       0       0       0
      Locals:         0       0       0       0
      Temps:          0       0       0       0
      Totals:         0       0       0       0
Total ram usage:        0 bytes
 Hardware stack levels used:    1
 Hardware stack levels required when called:    2
 This function calls:
		_Lcd_Cmd
 This function is called by:
		_main
 This function uses a non-reentrant model


 *************** function _Lcd_Cmd *****************
 Defined at:
		line 33 in file "LCD_Module.c"
 Parameters:    Size  Location     Type
  a               1    wreg     unsigned char 
 Auto vars:     Size  Location     Type
  a               1    1[COMRAM] unsigned char 
 Return value:  Size  Location     Type
                  1    wreg      void 
 Registers used:
		wreg, status,2, cstack
 Tracked objects:
		On entry : 
		On exit  : 
		Unchanged: 
 Data sizes:     COMRAM   BANK0   BANK1   BANK2
      Params:         0       0       0       0
      Locals:         1       0       0       0
      Temps:          0       0       0       0
      Totals:         1       0       0       0
Total ram usage:        1 bytes
 Hardware stack levels used:    1
 Hardware stack levels required when called:    1
 This function calls:
		_Lcd_Port
 This function is called by:
		_Lcd_Clear
		_Lcd_Set_Cursor
		_Lcd_Init
		_Lcd_Shift_Right
		_Lcd_Shift_Left
 This function uses a non-reentrant model


 *************** function _Lcd_Port *****************
 Defined at:
		line 11 in file "LCD_Module.c"
 Parameters:    Size  Location     Type
  a               1    wreg     unsigned char 
 Auto vars:     Size  Location     Type
  a               1    0[COMRAM] unsigned char 
 Return value:  Size  Location     Type
                  1    wreg      void 
 Registers used:
		wreg
 Tracked objects:
		On entry : 
		On exit  : 
		Unchanged: 
 Data sizes:     COMRAM   BANK0   BANK1   BANK2
      Params:         0       0       0       0
      Locals:         1       0       0       0
      Temps:          0       0       0       0
      Totals:         1       0       0       0
Total ram usage:        1 bytes
 Hardware stack levels used:    1
 This function calls:
		Nothing
 This function is called by:
		_Lcd_Cmd
		_Lcd_Init
		_Lcd_Write_Char
 This function uses a non-reentrant model



MODULE INFORMATION

Module		Function		Class		Link	Load	Size
project_main.c
		_main          		CODE           	0378	0000	83

project_main.c estimated size: 83

LCD_Module.c
		_Lcd_Write_String		CODE           	041A	0000	75
		_Lcd_Init      		CODE           	031C	0000	93
		_Lcd_Write_Char		CODE           	0490	0000	41
		_Lcd_Cmd       		CODE           	04D2	0000	25
		_Lcd_Set_Cursor		CODE           	03CA	0000	81
		_Lcd_Clear     		CODE           	04F8	0000	15
		_Lcd_Port      		CODE           	0464	0000	45

LCD_Module.c estimated size: 375

shared
		__initialization		CODE           	04EA	0000	1

shared estimated size: 1

SCI_Module.c
		_transmit_character		CODE           	0506	0000	13
		_setting_registers		CODE           	04B8	0000	27

SCI_Module.c estimated size: 40

